// Vitest Snapshot v1, https://vitest.dev/guide/snapshot.html

exports[`ZRPCService > should expose the OpenAPI spec at /openapi.json 1`] = `
{
  "components": {
    "parameters": {},
    "schemas": {},
  },
  "info": {
    "title": "test-service API Spec",
    "version": "1.0",
  },
  "openapi": "3.0.0",
  "paths": {
    "/": {
      "get": {
        "parameters": [
          {
            "in": "query",
            "name": "query",
            "required": true,
            "schema": {
              "type": "string",
            },
          },
        ],
        "responses": {
          "200": {
            "content": {
              "application/json": {
                "schema": {
                  "items": {
                    "properties": {
                      "id": {
                        "type": "string",
                      },
                      "name": {
                        "type": "string",
                      },
                      "price": {
                        "type": "number",
                      },
                    },
                    "required": [
                      "id",
                      "name",
                      "price",
                    ],
                    "type": "object",
                  },
                  "type": "array",
                },
              },
            },
            "description": "Success",
          },
        },
      },
    },
    "/products": {
      "post": {
        "requestBody": {
          "content": {
            "application/json": {
              "schema": {
                "properties": {
                  "name": {
                    "type": "string",
                  },
                  "price": {
                    "type": "number",
                  },
                },
                "required": [
                  "name",
                  "price",
                ],
                "type": "object",
              },
            },
          },
          "description": "",
        },
        "responses": {
          "200": {
            "content": {
              "application/json": {
                "schema": {
                  "properties": {
                    "id": {
                      "type": "string",
                    },
                    "name": {
                      "type": "string",
                    },
                    "price": {
                      "type": "number",
                    },
                  },
                  "required": [
                    "id",
                    "name",
                    "price",
                  ],
                  "type": "object",
                },
              },
            },
            "description": "Success",
          },
        },
      },
    },
  },
  "servers": [
    {
      "url": "/",
    },
  ],
}
`;
